// Jest Snapshot v1, https://goo.gl/fbAQLP

exports[`AppContainer renders correctly 1`] = `
Array [
  <div
    className="sc-Rmtcm kOUKrJ sc-bwzfXH pjOvZ"
>
    <img
        className="sc-iAyFgw jLmdZJ"
        src="logo.svg"
    />
    <h2
        className="sc-VigVT cBIDWq"
    >
        fog√≥n
    </h2>
</div>,
  <div
    className="sc-eHgmQL xPffg sc-bdVaJa iHZvIS"
/>,
]
`;
