// Jest Snapshot v1, https://goo.gl/fbAQLP

exports[`Intro renders correctly 1`] = `
<div
  className="sc-bdVaJa bjkHRI"
>
  <h2
    className="sc-VigVT hYUSXL"
  >
    fog√≥n
  </h2>
  <div
    className="sc-gqjmRU jcYQKF"
  >
    This is a playground where I practice different tools, techniques and architectures involve in UI development.
  </div>
  <div
    className="sc-gqjmRU jcYQKF"
  >
    Currently is using 
    <a
      className="sc-htoDjs gLCdRU"
      href="https://reactjs.org"
      rel="noopener noreferrer"
      target="_blank"
    >
      React
    </a>
     + 
    <a
      className="sc-htoDjs gLCdRU"
      href="https://redux.js.org"
      rel="noopener noreferrer"
      target="_blank"
    >
      Redux
    </a>
    . Styling is done with 
    <a
      className="sc-htoDjs gLCdRU"
      href="https://jxnblk.com/rebass/props"
      rel="noopener noreferrer"
      target="_blank"
    >
      Rebass
    </a>
    .
  </div>
  <div
    className="sc-gqjmRU kKsieB"
  >
    You can find the source code on 
    <a
      _target="_blank"
      className="sc-htoDjs gLCdRU"
      href="https://github.com/eloypnd/fogon"
      rel="noopener noreferrer"
    >
      Github
    </a>
    .
  </div>
</div>
`;
