// Jest Snapshot v1, https://goo.gl/fbAQLP

exports[`Timeline renders correctly 1`] = `
<div
  className="sc-eHgmQL xPffg sc-bdVaJa iHZvIS"
/>
`;
