// Jest Snapshot v1, https://goo.gl/fbAQLP

exports[`Topbar renders correctly 1`] = `
<div
  className="sc-Rmtcm kOUKrJ sc-bwzfXH pjOvZ"
>
  <img
    className="sc-iAyFgw jLmdZJ"
    src="logo.svg"
  />
  <h2
    className="sc-VigVT cBIDWq"
  >
    fog√≥n
  </h2>
</div>
`;
